+-------+-------+-------+-------+-------+-------+-------+-------+
| [_|_] |::_,/|:|  /\\  |::\|/::|  \+/  |::/\\::|  _,/| |:[_|_]:|
|  [#]  |:/_#)\:|  \#/  |::(#)::|  {#}  |::\#/::| /_#)\ |::[#]::|
|  [#]  |::/#\\:|  (#)  |::(#)::|  {#}  |::(#)::|  /#\\ |::[#]::|
| (###) |:(###):| (###) |:(###):| (###) |:(###):| (###) |:(###):|
+-------+-------+-------+-------+-------+-------+-------+-------+
|:::::::|   _   |:::::::|   _   |:::::::|   _   |:::::::|   _   |
|::(#)::|  (#)  |::(#)::|  (#)  |::(#)::|  (#)  |::(#)::|  (#)  |
|::/#\::|  /#\  |::/#\::|  /#\  |::/#\::|  /#\  |::/#\::|  /#\  |
|:(###):| (###) |:(###):| (###) |:(###):| (###) |:(###):| (###) |
+-------+-------+-------+-------+-------+-------+-------+-------+
|       |:::::::|       |:::::::|       |:::::::|       |:::::::|
|       |:::::::|       |:::::::|       |:::::::|       |:::::::|
|       |:::::::|       |:::::::|       |:::::::|       |:::::::|
|       |:::::::|       |:::::::|       |:::::::|       |:::::::|
+-------+-------+-------+-------+-------+-------+-------+-------+
|:::::::|       |:::::::|       |:::::::|       |:::::::|       |
|:::::::|       |:::::::|       |:::::::|       |:::::::|       |
|:::::::|       |:::::::|       |:::::::|       |:::::::|       |
|:::::::|       |:::::::|       |:::::::|       |:::::::|       |
+-------+-------+-------+-------+-------+-------+-------+-------+
|       |:::::::|       |:::::::|       |:::::::|       |:::::::|
|       |:::::::|       |:::::::|       |:::::::|       |:::::::|
|       |:::::::|       |:::::::|       |:::::::|       |:::::::|
|       |:::::::|       |:::::::|       |:::::::|       |:::::::|
+-------+-------+-------+-------+-------+-------+-------+-------+
|:::::::|       |:::::::|       |:::::::|       |:::::::|       |
|:::::::|       |:::::::|       |:::::::|       |:::::::|       |
|:::::::|       |:::::::|       |:::::::|       |:::::::|       |
|:::::::|       |:::::::|       |:::::::|       |:::::::|       |
+-------+-------+-------+-------+-------+-------+-------+-------+
|   _   |:::::::|   _   |:::::::|   _   |:::::::|   _   |:::::::|
|  ( )  |::( )::|  ( )  |::( )::|  ( )  |::( )::|  ( )  |::( )::|
|  / \  |::/ \::|  / \  |::/ \::|  / \  |::/ \::|  / \  |::/ \::|
| (___) |:(___):| (___) |:(___):| (___) |:(___):| (___) |:(___):|
+-------+-------+-------+-------+-------+-------+-------+-------+
|:[_|_]:|  _,/| |::/\\::|  \|/  |::\+/::|  /\\  |::_,/|:| [_|_] |
|::[ ]::| /_ )\ |::\ /::|  ( )  |::{ }::|  \ /  |:/_ )\:|  [ ]  |
|::[ ]::|  / \\ |::( )::|  ( )  |::{ }::|  ( )  |::/ \\:|  [ ]  |
|:(___):| (___) |:(___):| (___) |:(___):| (___) |:(___):| (___) |
+-------+-------+-------+-------+-------+-------+----[) /\/\ (--+
