   0123456789ABCDEF0123456789ABCDEF0123456789ABCDEF0123456789ABCDEF
[1mCurrent character set[m
0:|                                 !"#$%&'()*+,-./0123456789:;<=>?|
1:|@ABCDEFGHIJKLMNOPQRSTUVWXYZ[\]^_`abcdefghijklmnopqrstuvwxyz{|}~ |
0:|                                 !"#$%&'()*+,-./0123456789:;<=>?|
1:|@ABCDEFGHIJKLMNOPQRSTUVWXYZ[\]^_`abcdefghijklmnopqrstuvwxyz{|}~ |

2:|                                 ¡¢£¤¥¦§¨©ª«¬­®¯°±²³´µ¶·¸¹º»¼½¾¿|
3:|ÀÁÂÃÄÅÆÇÈÉÊËÌÍÎÏÐÑÒÓÔÕÖ×ØÙÚÛÜÝÞßàáâãäåæçèéêëìíîïðñòóôõö÷øùúûüýþÿ|

2:|                                ﾠﾡﾢﾣﾤﾥﾦﾧﾨﾩﾪﾫﾬﾭﾮﾯﾰﾱﾲﾳﾴﾵﾶﾷﾸﾹﾺﾻﾼﾽﾾ﾿|
3:|￀￁ￂￃￄￅￆￇ￈￉ￊￋￌￍￎￏ￐￑ￒￓￔￕￖￗ￘￙ￚￛￜ￝￞￟￠￡￢￣￤￥￦￧￨￩￪￫￬￭￮￯￰￱￲￳￴￵￶￷￸￹￺￻￼�￾￿|
