11111111111111111c11111111111111111c11111111111111111c11111111111111111c11111111111111111c1c111111111111111111111
